// Jest Snapshot v1, https://goo.gl/fbAQLP

exports[`ValuesSchema denormalization denormalizes the values of an object with the given schema 1`] = `
Object {
  "fido": Object {
    "id": 1,
    "type": "dogs",
  },
  "fluffy": Object {
    "id": 1,
    "type": "cats",
  },
}
`;
